add raid fields to superblock: 48 must be greater than 48
