Correct
allocated datablocks on /tmp/myranda/test-disk2: found 0 expected 1
