Correct
allocated datablocks on /tmp/myranda/test-disk1: found 3 expected 2
