Correct
allocated datablocks on /tmp/myranda/test-disk1: found 1 expected 2
