[Errno 2] No such file or directory: 'd1/d2/d3/d4/d5/d6/d7/d8/d9/file0'
