Correct
allocated datablocks on /tmp/myranda/test-disk1: found 17 expected 18
