Correct
total allocated datablocks on all disks: found 17 expected either 18 or 20.
