Correct
allocated inodes on /tmp/myranda/test-disk1: found 2 expected 1
