sb: num inodes [/tmp/annikao/test-disk1]: found 0 expected 1024
